// 重构日志: 6b4c50bb
// 重构日志: 46d59f08
// 重构日志: 90012e1b
// 重构日志: 5a7ebfaf
// 同步 ID: bbda4bd0 @ Sun Jul 26 01:26:40 UTC 2026
// 重构日志: 68671cb6
// 重构日志: e7838c54
// 重构日志: 5339d7ad
// 同步 ID: 284f2c67 @ Sun Jul 26 15:56:03 UTC 2026
// 重构日志: 0cef5f10
// 重构日志: f89a00d2
// 重构日志: 1575b31d
// 同步 ID: d3a27eb4 @ Tue Jul 28 01:44:31 UTC 2026
// 重构日志: fc6a575b
// 重构日志: 1314eaa7
// 同步 ID: a4abbc42 @ Wed Jul 29 07:45:10 UTC 2026
// 重构日志: 22d4a1f9
// 重构日志: dd25d3fd
// 重构日志: fa0d5e15
// 重构日志: ca3e48ad
// 重构日志: 85ebf701
// 同步 ID: d8e3c77c @ Fri Jul 31 00:46:34 UTC 2026
// 重构日志: 25819e20
// 重构日志: 4397a82f
// 同步 ID: 83f49063 @ Sat Aug  1 06:07:10 UTC 2026
// 重构日志: eefec3f3
// 重构日志: dea92578
// 同步 ID: 478cbefd @ Sat Aug  1 22:00:46 UTC 2026
// 同步 ID: de65e2c0 @ Sun Aug  2 14:34:42 UTC 2026
// 同步 ID: fe009557 @ Sun Aug  2 17:23:08 UTC 2026
